// Vitest Snapshot v1, https://vitest.dev/guide/snapshot.html

exports[`composeSystemPrompt — scenario × section golden matrix > keeps the section gating matrix stable across scenarios 1`] = `
{
  "api-mode-byok": {
    "sections": [
      "injection-resistance",
      "api-mode-override",
      "discovery-and-philosophy",
      "direction-library",
      "identity-charter",
      "project-metadata",
      "media-dispatch-hint",
      "clarifying-questions",
      "role-marker-guard",
    ],
    "totalChars": 59977,
  },
  "ask-mode-full-context": {
    "sections": [
      "injection-resistance",
      "ask-mode-override",
      "personal-memory",
      "memory-intent-gateway",
      "memory-verify-scorecard",
      "memory-rule-proposal",
      "design-system-usage",
      "design-system-body",
      "design-system-import-mode",
      "design-system-tokens",
      "design-system-intent-routing",
      "design-system-pull-index",
      "active-skill",
      "project-metadata",
      "filesystem-handoff-override",
      "clarifying-questions",
      "role-marker-guard",
    ],
    "totalChars": 18819,
  },
  "codex-image-dispatcher": {
    "sections": [
      "injection-resistance",
      "identity-charter",
      "project-metadata",
      "media-generation-contract",
      "filesystem-handoff-override",
      "clarifying-questions",
      "role-marker-guard",
    ],
    "totalChars": 45265,
  },
  "critique-enabled": {
    "sections": [
      "injection-resistance",
      "discovery-and-philosophy",
      "identity-charter",
      "design-system-usage",
      "design-system-body",
      "design-system-import-mode",
      "design-system-tokens",
      "design-system-intent-routing",
      "design-system-pull-index",
      "active-skill",
      "media-dispatch-hint",
      "critique-panel",
      "active-ds-visual-direction-override",
      "filesystem-handoff-override",
      "clarifying-questions",
      "role-marker-guard",
    ],
    "totalChars": 59110,
  },
  "deck-kind-no-skill": {
    "sections": [
      "injection-resistance",
      "discovery-and-philosophy",
      "direction-library",
      "identity-charter",
      "project-metadata",
      "deck-framework",
      "media-dispatch-hint",
      "filesystem-handoff-override",
      "clarifying-questions",
      "role-marker-guard",
    ],
    "totalChars": 84867,
  },
  "deck-kind-with-skill-seed": {
    "sections": [
      "injection-resistance",
      "discovery-and-philosophy",
      "direction-library",
      "identity-charter",
      "active-skill",
      "project-metadata",
      "media-dispatch-hint",
      "filesystem-handoff-override",
      "clarifying-questions",
      "role-marker-guard",
    ],
    "totalChars": 57568,
  },
  "design-ds-fixture-fallback": {
    "sections": [
      "injection-resistance",
      "discovery-and-philosophy",
      "identity-charter",
      "design-system-usage",
      "design-system-body",
      "design-system-import-mode",
      "design-system-tokens",
      "design-system-fixture",
      "design-system-pull-index",
      "deck-framework",
      "maybe-deck-framework",
      "media-dispatch-hint",
      "active-ds-visual-direction-override",
      "filesystem-handoff-override",
      "clarifying-questions",
      "role-marker-guard",
    ],
    "totalChars": 80949,
  },
  "design-ds-invalid-runtime": {
    "sections": [
      "injection-resistance",
      "discovery-and-philosophy",
      "identity-charter",
      "design-system-usage",
      "design-system-body",
      "design-system-import-mode",
      "design-system-tokens",
      "design-system-runtime-unavailable",
      "design-system-pull-index",
      "deck-framework",
      "maybe-deck-framework",
      "media-dispatch-hint",
      "active-ds-visual-direction-override",
      "filesystem-handoff-override",
      "clarifying-questions",
      "role-marker-guard",
    ],
    "totalChars": 80981,
  },
  "design-ds-manifest-legacy": {
    "sections": [
      "injection-resistance",
      "discovery-and-philosophy",
      "identity-charter",
      "design-system-usage",
      "design-system-body",
      "design-system-import-mode",
      "design-system-tokens",
      "design-system-components-manifest",
      "design-system-pull-index",
      "deck-framework",
      "maybe-deck-framework",
      "media-dispatch-hint",
      "active-ds-visual-direction-override",
      "filesystem-handoff-override",
      "clarifying-questions",
      "role-marker-guard",
    ],
    "totalChars": 80947,
  },
  "design-full-stack": {
    "sections": [
      "injection-resistance",
      "ui-locale-override",
      "discovery-and-philosophy",
      "shared-device-frames",
      "identity-charter",
      "personal-memory",
      "memory-intent-gateway",
      "memory-verify-scorecard",
      "memory-rule-proposal",
      "custom-instructions-user",
      "custom-instructions-project",
      "design-system-usage",
      "design-system-body",
      "design-system-import-mode",
      "design-system-tokens",
      "design-system-intent-routing",
      "design-system-pull-index",
      "craft-references",
      "active-skill",
      "project-metadata",
      "media-dispatch-hint",
      "active-ds-visual-direction-override",
      "filesystem-handoff-override",
      "clarifying-questions",
      "role-marker-guard",
    ],
    "totalChars": 68447,
  },
  "design-minimal": {
    "sections": [
      "injection-resistance",
      "discovery-and-philosophy",
      "direction-library",
      "identity-charter",
      "deck-framework",
      "maybe-deck-framework",
      "media-dispatch-hint",
      "filesystem-handoff-override",
      "clarifying-questions",
      "role-marker-guard",
    ],
    "totalChars": 84823,
  },
  "design-no-ds-multitarget": {
    "sections": [
      "injection-resistance",
      "discovery-and-philosophy",
      "direction-library",
      "shared-device-frames",
      "identity-charter",
      "project-metadata",
      "media-dispatch-hint",
      "filesystem-handoff-override",
      "clarifying-questions",
      "role-marker-guard",
    ],
    "totalChars": 63134,
  },
  "example-prompt": {
    "sections": [
      "injection-resistance",
      "example-prompt-override",
      "discovery-and-philosophy",
      "direction-library",
      "identity-charter",
      "project-metadata",
      "media-dispatch-hint",
      "filesystem-handoff-override",
      "clarifying-questions",
      "role-marker-guard",
    ],
    "totalChars": 61381,
  },
  "freeform-other": {
    "sections": [
      "injection-resistance",
      "discovery-and-philosophy",
      "direction-library",
      "identity-charter",
      "project-metadata",
      "deck-framework",
      "maybe-deck-framework",
      "media-dispatch-hint",
      "filesystem-handoff-override",
      "clarifying-questions",
      "role-marker-guard",
    ],
    "totalChars": 88519,
  },
  "freeform-other-no-deck-signal": {
    "sections": [
      "injection-resistance",
      "discovery-and-philosophy",
      "direction-library",
      "identity-charter",
      "project-metadata",
      "media-dispatch-hint",
      "filesystem-handoff-override",
      "clarifying-questions",
      "role-marker-guard",
    ],
    "totalChars": 60304,
  },
  "media-image": {
    "sections": [
      "injection-resistance",
      "identity-charter",
      "project-metadata",
      "media-generation-contract",
      "filesystem-handoff-override",
      "clarifying-questions",
      "role-marker-guard",
    ],
    "totalChars": 45263,
  },
  "memory-hooks-off": {
    "sections": [
      "injection-resistance",
      "discovery-and-philosophy",
      "direction-library",
      "identity-charter",
      "personal-memory",
      "memory-rule-proposal",
      "deck-framework",
      "maybe-deck-framework",
      "media-dispatch-hint",
      "filesystem-handoff-override",
      "clarifying-questions",
      "role-marker-guard",
    ],
    "totalChars": 87051,
  },
  "plan-mode": {
    "sections": [
      "injection-resistance",
      "plan-mode-override",
      "discovery-and-philosophy",
      "direction-library",
      "identity-charter",
      "project-metadata",
      "media-dispatch-hint",
      "filesystem-handoff-override",
      "clarifying-questions",
      "role-marker-guard",
    ],
    "totalChars": 64329,
  },
  "plugin-stages": {
    "sections": [
      "injection-resistance",
      "discovery-and-philosophy",
      "direction-library",
      "identity-charter",
      "plugin-block",
      "active-stage-blocks",
      "deck-framework",
      "maybe-deck-framework",
      "media-dispatch-hint",
      "filesystem-handoff-override",
      "clarifying-questions",
      "role-marker-guard",
    ],
    "totalChars": 84919,
  },
  "skip-discovery-brief": {
    "sections": [
      "injection-resistance",
      "skip-discovery-override",
      "discovery-and-philosophy",
      "direction-library",
      "identity-charter",
      "project-metadata",
      "media-dispatch-hint",
      "filesystem-handoff-override",
      "clarifying-questions",
      "role-marker-guard",
    ],
    "totalChars": 60892,
  },
  "slim-design-full-stack": {
    "sections": [
      "injection-resistance",
      "ui-locale-override",
      "shared-device-frames",
      "slim-core-charter",
      "slim-platform-contracts",
      "personal-memory",
      "memory-intent-gateway",
      "memory-verify-scorecard",
      "memory-rule-proposal",
      "custom-instructions-user",
      "custom-instructions-project",
      "design-system-usage",
      "design-system-body",
      "design-system-import-mode",
      "design-system-tokens",
      "design-system-intent-routing",
      "design-system-pull-index",
      "craft-references",
      "active-skill",
      "project-metadata",
      "media-dispatch-hint",
      "role-marker-guard",
    ],
    "totalChars": 41304,
  },
  "slim-freeform-no-deck-signal": {
    "sections": [
      "injection-resistance",
      "slim-core-charter",
      "project-metadata",
      "media-dispatch-hint",
      "role-marker-guard",
    ],
    "totalChars": 31284,
  },
}
`;
